
> flight_ai@0.1.0 build
> prisma generate && next build

node.exe : warn The configuration 
property `package.json#prisma` is 
deprecated and will be removed in 
Prisma 7. Please migrate to a Prisma 
config file (e.g., 
`prisma.config.ts`).
At line:1 char:1
+ & "C:\Program 
Files\nodejs/node.exe" 
"C:\Users\serte\AppData\Roaming\ ...
+ ~~~~~~~~~~~~~~~~~~~~~~~~~~~~~~~~~~~
~~~~~~~~~~~~~~~~~~~~~~~~~~~~~~~~~~
    + CategoryInfo          : 
NotSpecifie    d: (warn The 
config...ma.config.ts`).    :String) 
[], RemoteException
    + FullyQualifiedErrorId : 
NativeComma    ndError
 
For more information, see: 
https://pris.ly/prisma-config

Environment variables loaded from 
.env
Prisma schema loaded from prisma\schema.prisma

Γ£ö Generated Prisma Client (v6.19.2) to .\node_modules\@prisma\client in 84ms

Start by importing your Prisma Client (See: https://pris.ly/d/importing-client)

Tip: Interested in query caching in just a few lines of code? Try Accelerate today! https://pris.ly/tip-3-accelerate

Γû▓ Next.js 16.1.6 (Turbopack)
- Environments: .env

ΓÜá The "middleware" file convention 
is deprecated. Please use "proxy" 
instead. Learn more: https://nextjs.o
rg/docs/messages/middleware-to-proxy
  Creating an optimized production build ...
Γ£ô Compiled successfully in 3.6s
  Running TypeScript ...
Failed to compile.

./components/search/FlightResultCard.
tsx:17:26
Type error: Property 'agentScore' 
does not exist on type 
'FlightResult'.

[0m [90m 15 |[39m     
[36mconst[39m 
[showPreview[33m,[39m 
setShowPreview] [33m=[39m 
useState([36mfalse[39m)[33m;[39m
 [90m 16 |[39m
[31m[1m>[22m[39m[90m 17 |[39m  
   [36mconst[39m score [33m=[39m 
flight[33m.[39magentScore 
[33m||[39m [35m0.0[39m[33m;[39m
 [90m    |[39m                     
     [31m[1m^[22m[39m
 [90m 18 |[39m     [36mconst[39m 
scoreColor [33m=[39m score 
[33m>=[39m [35m8[39m [33m?[39m 
[32m'text-green-600'[39m 
[33m:[39m score [33m>=[39m 
[35m5[39m [33m?[39m 
[32m'text-yellow-600'[39m 
[33m:[39m 
[32m'text-red-600'[39m[33m;[39m
 [90m 19 |[39m
 [90m 20 |[39m     [36mconst[39m 
formatCurrency [33m=[39m 
(amount[33m:[39m number[33m,[39m 
currency[33m:[39m string) 
[33m=>[39m {[0m
Next.js build worker exited with 
code: 1 and signal: null
