
> flight_ai@0.1.0 build
> prisma generate && next build

node.exe : warn The configuration 
property `package.json#prisma` is 
deprecated and will be removed in 
Prisma 7. Please migrate to a Prisma 
config file (e.g., 
`prisma.config.ts`).
At line:1 char:1
+ & "C:\Program 
Files\nodejs/node.exe" 
"C:\Users\serte\AppData\Roaming\ ...
+ ~~~~~~~~~~~~~~~~~~~~~~~~~~~~~~~~~~~
~~~~~~~~~~~~~~~~~~~~~~~~~~~~~~~~~~
    + CategoryInfo          : NotSpe 
   cified: (warn The config...ma.co  
  nfig.ts`).:String) [], RemoteExc   
 eption
    + FullyQualifiedErrorId : Native 
   CommandError
 
For more information, see: 
https://pris.ly/prisma-config

Environment variables loaded from 
.env
Prisma schema loaded from prisma\schema.prisma

Γ£ö Generated Prisma Client (v6.19.2) to .\node_modules\@prisma\client in 72ms

Start by importing your Prisma Client (See: https://pris.ly/d/importing-client)

Tip: Interested in query caching in just a few lines of code? Try Accelerate today! https://pris.ly/tip-3-accelerate

[baseline-browser-mapping] The data 
in this module is over two months 
old.  To ensure accurate Baseline 
data, please update: `npm i 
baseline-browser-mapping@latest -D`
   Γû▓ Next.js 16.0.8 (Turbopack)
   - Environments: .env

 ΓÜá The "middleware" file 
convention is deprecated. Please use 
"proxy" instead. Learn more: https://
nextjs.org/docs/messages/middleware-t
o-proxy
   Creating an optimized production build ...
[baseline-browser-mapping] The data 
in this module is over two months 
old.  To ensure accurate Baseline 
data, please update: `npm i 
baseline-browser-mapping@latest -D`
 Γ£ô Compiled successfully in 3.1s
   Running TypeScript ...
Failed to compile.

./lib/flightStatistics.ts:15:9
Type error: Property 'maxDuration' 
is missing in type '{ minPrice: 
number; maxPrice: number; 
medianPrice: number; p10Price: 
number; minDuration: number; }' but 
required in type 'BatchStats'.

[0m [90m 13 |[39m 
[36mexport[39m [36mfunction[39m c
alculateBatchStats(flights[33m:[39m
 [33mFlightForScoring[39m[])[33m:
[39m [33mBatchStats[39m {
 [90m 14 |[39m     [36mif[39m 
([33m![39mflights [33m||[39m 
flights[33m.[39mlength 
[33m===[39m [35m0[39m) {
[31m[1m>[22m[39m[90m 15 |[39m  
       [36mreturn[39m { 
minPrice[33m:[39m 
[35m0[39m[33m,[39m 
maxPrice[33m:[39m 
[35m0[39m[33m,[39m 
medianPrice[33m:[39m 
[35m0[39m[33m,[39m 
p10Price[33m:[39m 
[35m0[39m[33m,[39m 
minDuration[33m:[39m [35m0[39m 
}[33m;[39m
 [90m    |[39m         
[31m[1m^[22m[39m
 [90m 16 |[39m     }
 [90m 17 |[39m
 [90m 18 |[39m     [90m// 
Fiyatlar─▒ k├╝├º├╝kten b├╝y├╝─ƒe 
s─▒rala (Use effectivePrice if 
available)[39m[0m
Next.js build worker exited with 
code: 1 and signal: null
