
> flight_ai@0.1.0 build
> prisma generate && next build

node.exe : warn The configuration property `package.json#prisma` is deprecated 
and will be removed in Prisma 7. Please migrate to a Prisma config file (e.g., 
`prisma.config.ts`).
At line:1 char:1
+ & "C:\Program Files\nodejs/node.exe" "C:\Users\serte\AppData\Roaming\ ...
+ ~~~~~~~~~~~~~~~~~~~~~~~~~~~~~~~~~~~~~~~~~~~~~~~~~~~~~~~~~~~~~~~~~~~~~
    + CategoryInfo          : NotSpecified: (warn The config...ma.config.ts`). 
   :String) [], RemoteException
    + FullyQualifiedErrorId : NativeCommandError
 
For more information, see: https://pris.ly/prisma-config

Environment variables loaded from .env
Prisma schema loaded from prisma\schema.prisma

Γ£ö Generated Prisma Client (v6.19.2) to .\node_modules\@prisma\client in 78ms

Start by importing your Prisma Client (See: https://pris.ly/d/importing-client)

Tip: Want to turn off tips and other hints? https://pris.ly/tip-4-nohints

Γû▓ Next.js 16.1.6 (Turbopack)
- Environments: .env

ΓÜá The "middleware" file convention is deprecated. Please use "proxy" 
instead. Learn more: https://nextjs.org/docs/messages/middleware-to-proxy
  Creating an optimized production build ...
Γ£ô Compiled successfully in 5.7s
  Running TypeScript ...
  Collecting page data using 15 workers ...
startup: tokens ΓÇö DUFFEL: duffel_l...bDoD RAPID_API_SKY: a5019e6b...e000
≡ƒ¢í∩╕Å [GUARDIAN WORKER] Starting monitoring cycle...
≡ƒ¢í∩╕Å [GUARDIAN WORKER] Starting monitoring cycle...
It is highly recommended to use a minimum Redis version of 6.2.0
             Current: 5.0.10
  Generating static pages using 15 workers (0/33) ...
startup: tokens ΓÇö DUFFEL: duffel_l...bDoD RAPID_API_SKY: a5019e6b...e000
  Generating static pages using 15 workers (8/33) 
  Generating static pages using 15 workers (16/33) 
≡ƒ¢í∩╕Å [GUARDIAN WORKER] Starting monitoring cycle...
  Generating static pages using 15 workers (24/33) 
It is highly recommended to use a minimum Redis version of 6.2.0
             Current: 5.0.10
Γ£ô Generating static pages using 15 workers (33/33) in 253.8ms
≡ƒöÄ Found 1 trips to check.
   Processing Trip: ABC123 (IST ΓåÆ JFK)
   ≡ƒöì Checking TEST600 on 2026-02-21...
   ΓÜá∩╕Å Could not fetch status: Invalid flight number format: TEST600
Γ£à [GUARDIAN WORKER] Cycle complete.
Γ£à [GUARDIAN WORKER] Cycle complete!
≡ƒöÄ Found 1 trips to check.
   Processing Trip: ABC123 (IST ΓåÆ JFK)
   ≡ƒöì Checking TEST600 on 2026-02-21...
   ΓÜá∩╕Å Could not fetch status: Invalid flight number format: TEST600
Γ£à [GUARDIAN WORKER] Cycle complete.
Γ£à [GUARDIAN WORKER] Cycle complete!
  Finalizing page optimization ...

Route (app)
Γöî Γùï /_not-found
Γö£ ╞Æ /[locale]
Γö£ ╞Æ /[locale]/about
Γö£ ╞Æ /[locale]/blog
Γö£ ╞Æ /[locale]/blog/[slug]
Γö£ ╞Æ /[locale]/dashboard
Γö£ ╞Æ /[locale]/dashboard/flights/[id]
Γö£ ╞Æ /[locale]/dashboard/guardian
Γö£ ╞Æ /[locale]/dashboard/guardian/[id]
Γö£ ΓùÅ /[locale]/dashboard/guardian/[id]/amenity
Γö£ ╞Æ /[locale]/dashboard/routes/[id]
Γö£ ╞Æ /[locale]/dashboard/routes/add
Γö£ ╞Æ /[locale]/dashboard/settings
Γö£ ╞Æ /[locale]/dashboard/tracked-flights
Γö£ ╞Æ /[locale]/flight-search
Γö£ ╞Æ /[locale]/login
Γö£ ╞Æ /[locale]/pricing
Γö£ ╞Æ /[locale]/pricing/features
Γö£ ╞Æ /[locale]/register
Γö£ ╞Æ /[locale]/results
Γö£ ╞Æ /api/actions/claim
Γö£ ╞Æ /api/airports/search
Γö£ ╞Æ /api/analyze
Γö£ ╞Æ /api/auth/[...nextauth]
Γö£ ╞Æ /api/auth/user-tier
Γö£ ╞Æ /api/autocomplete
Γö£ ╞Æ /api/cf-geo
Γö£ ╞Æ /api/checkout
Γö£ ╞Æ /api/city-search
Γö£ ╞Æ /api/cron/guardian
Γö£ ╞Æ /api/cron/guardian-sync
Γö£ ╞Æ /api/cron/update-prices
Γö£ ╞Æ /api/detect-city
Γö£ ╞Æ /api/flights/seat-map
Γö£ ╞Æ /api/flights/validate-pnr
Γö£ ╞Æ /api/flights/verify-schedule
Γö£ ╞Æ /api/geo-search
Γö£ ╞Æ /api/geo/detect
Γö£ ╞Æ /api/guardian/monitor
Γö£ ╞Æ /api/health
Γö£ ╞Æ /api/ip-geo
Γö£ ╞Æ /api/poll
Γö£ ╞Æ /api/reverse
Γö£ ╞Æ /api/search
Γö£ ╞Æ /api/search-diagnostic
Γö£ ╞Æ /api/searchFlights
Γö£ ╞Æ /api/stripe/checkout
Γö£ ╞Æ /api/test-amadeus
Γö£ ╞Æ /api/track-flight
Γö£ ╞Æ /api/trips/monitor
Γö£ ╞Æ /api/trips/update-seat
Γö£ ╞Æ /api/webhook/stripe
Γö£ ╞Æ /api/webhooks/email
Γö£ ╞Æ /api/webhooks/stripe
Γö£ ╞Æ /dashboard/guardian/[id]
Γöö Γùï /login


╞Æ Proxy (Middleware)

Γùï  (Static)   prerendered as static content
ΓùÅ  (SSG)      prerendered as static HTML (uses generateStaticParams)
╞Æ  (Dynamic)  server-rendered on demand

