
> flight_ai@0.1.0 build
> prisma generate && next build

node.exe : warn The configuration property 
`package.json#prisma` is deprecated and will 
be removed in Prisma 7. Please migrate to a 
Prisma config file (e.g., 
`prisma.config.ts`).
At line:1 char:1
+ & "C:\Program Files\nodejs/node.exe" 
"C:\Users\serte\AppData\Roaming\ ...
+ ~~~~~~~~~~~~~~~~~~~~~~~~~~~~~~~~~~~~~~~~~~~
~~~~~~~~~~~~~~~~~~~~~~~~~~
    + CategoryInfo          : NotSpecif    
ied: (warn The config...ma.config.t    
s`).:String) [], RemoteException
    + FullyQualifiedErrorId : NativeCom    
mandError
 
For more information, see: 
https://pris.ly/prisma-config

Environment variables loaded from .env
Prisma schema loaded from prisma\schema.prisma

Γ£ö Generated Prisma Client (v6.19.2) to .\node_modules\@prisma\client in 79ms

Start by importing your Prisma Client (See: https://pris.ly/d/importing-client)

Tip: Interested in query caching in just a few lines of code? Try Accelerate today! https://pris.ly/tip-3-accelerate

[baseline-browser-mapping] The data in this 
module is over two months old.  To ensure 
accurate Baseline data, please update: `npm 
i baseline-browser-mapping@latest -D`
   Γû▓ Next.js 16.0.8 (Turbopack)
   - Environments: .env

 ΓÜá The "middleware" file convention is 
deprecated. Please use "proxy" instead. 
Learn more: https://nextjs.org/docs/messages/
middleware-to-proxy
   Creating an optimized production build ...
[baseline-browser-mapping] The data in this 
module is over two months old.  To ensure 
accurate Baseline data, please update: `npm 
i baseline-browser-mapping@latest -D`
 Γ£ô Compiled successfully in 3.7s
   Running TypeScript ...
Failed to compile.

./lib/db/guardian.ts:32:45
Type error: Property 'departureTime' does 
not exist on type '{ id: string; 
flightNumber: string; origin: string; 
destination: string; departureDate: Date; 
tripId: string; airlineCode: string; 
segmentOrder: number; arrivalDate: Date; 
aircraftType: string | null; userSeat: 
string | null; cabinClass: string | null; 
}'. Did you mean 'departureDate'?

[0m [90m 30 |[39m                 
origin[33m:[39m 
firstFlight[33m?[39m[33m.[39morigin 
[33m||[39m [32m'N/A'[39m[33m,[39m
 [90m 31 |[39m                 
destination[33m:[39m 
firstFlight[33m?[39m[33m.[39mdestination 
[33m||[39m [32m'N/A'[39m[33m,[39m
[31m[1m>[22m[39m[90m 32 |[39m          
       departureTime[33m:[39m firstFlight[
33m?[39m[33m.[39mdepartureTime 
[33m||[39m [36mnew[39m [33mDate[39m()[
33m.[39mtoISOString()[33m,[39m
 [90m    |[39m                             
                [31m[1m^[22m[39m
 [90m 33 |[39m                 
originalDepartureTime[33m:[39m firstFlight
[33m?[39m[33m.[39mscheduledDeparture 
[33m||[39m firstFlight[33m?[39m[33m.[39
mdepartureTime [33m||[39m [36mnew[39m [3
3mDate[39m()[33m.[39mtoISOString()[33m,[
39m
 [90m 34 |[39m                 
status[33m:[39m 
firstFlight[33m?[39m[33m.[39mstatus 
[33m||[39m [32m'SCHEDULED'[39m[33m,[39m
 [90m 35 |[39m                 
delayMinutes[33m:[39m firstFlight[33m?[39
m[33m.[39mdelayMinutes [33m||[39m 
[35m0[39m[33m,[39m[0m
Next.js build worker exited with code: 1 and 
signal: null
